Determining if the pthread_create exist failed with the following output:
Change Dir: /data1/devojyoti/PhD/PAIRCARS/mwa-reduce/build/CMakeFiles/CMakeTmp

Run Build Command:"/usr/bin/gmake" "cmTC_e7d15/fast"
gmake[1]: Entering directory `/data1/devojyoti/PhD/PAIRCARS/mwa-reduce/build/CMakeFiles/CMakeTmp'
/usr/bin/gmake -f CMakeFiles/cmTC_e7d15.dir/build.make CMakeFiles/cmTC_e7d15.dir/build
gmake[2]: Entering directory `/data1/devojyoti/PhD/PAIRCARS/mwa-reduce/build/CMakeFiles/CMakeTmp'
Building C object CMakeFiles/cmTC_e7d15.dir/CheckSymbolExists.c.o
/usr/bin/cc    -o CMakeFiles/cmTC_e7d15.dir/CheckSymbolExists.c.o   -c /data1/devojyoti/PhD/PAIRCARS/mwa-reduce/build/CMakeFiles/CMakeTmp/CheckSymbolExists.c
Linking C executable cmTC_e7d15
/usr/local/bin/cmake -E cmake_link_script CMakeFiles/cmTC_e7d15.dir/link.txt --verbose=1
/usr/bin/cc      -rdynamic CMakeFiles/cmTC_e7d15.dir/CheckSymbolExists.c.o  -o cmTC_e7d15 
CMakeFiles/cmTC_e7d15.dir/CheckSymbolExists.c.o: In function `main':
CheckSymbolExists.c:(.text+0x16): undefined reference to `pthread_create'
collect2: error: ld returned 1 exit status
gmake[2]: *** [cmTC_e7d15] Error 1
gmake[2]: Leaving directory `/data1/devojyoti/PhD/PAIRCARS/mwa-reduce/build/CMakeFiles/CMakeTmp'
gmake[1]: *** [cmTC_e7d15/fast] Error 2
gmake[1]: Leaving directory `/data1/devojyoti/PhD/PAIRCARS/mwa-reduce/build/CMakeFiles/CMakeTmp'

File /data1/devojyoti/PhD/PAIRCARS/mwa-reduce/build/CMakeFiles/CMakeTmp/CheckSymbolExists.c:
/* */
#include <pthread.h>

int main(int argc, char** argv)
{
  (void)argv;
#ifndef pthread_create
  return ((int*)(&pthread_create))[argc];
#else
  (void)argc;
  return 0;
#endif
}

Determining if the function pthread_create exists in the pthreads failed with the following output:
Change Dir: /data1/devojyoti/PhD/PAIRCARS/mwa-reduce/build/CMakeFiles/CMakeTmp

Run Build Command:"/usr/bin/gmake" "cmTC_b3954/fast"
gmake[1]: Entering directory `/data1/devojyoti/PhD/PAIRCARS/mwa-reduce/build/CMakeFiles/CMakeTmp'
/usr/bin/gmake -f CMakeFiles/cmTC_b3954.dir/build.make CMakeFiles/cmTC_b3954.dir/build
gmake[2]: Entering directory `/data1/devojyoti/PhD/PAIRCARS/mwa-reduce/build/CMakeFiles/CMakeTmp'
Building C object CMakeFiles/cmTC_b3954.dir/CheckFunctionExists.c.o
/usr/bin/cc   -DCHECK_FUNCTION_EXISTS=pthread_create   -o CMakeFiles/cmTC_b3954.dir/CheckFunctionExists.c.o   -c /usr/local/share/cmake-3.12/Modules/CheckFunctionExists.c
Linking C executable cmTC_b3954
/usr/local/bin/cmake -E cmake_link_script CMakeFiles/cmTC_b3954.dir/link.txt --verbose=1
/usr/bin/cc  -DCHECK_FUNCTION_EXISTS=pthread_create    -rdynamic CMakeFiles/cmTC_b3954.dir/CheckFunctionExists.c.o  -o cmTC_b3954 -lpthreads 
/usr/bin/ld: cannot find -lpthreads
collect2: error: ld returned 1 exit status
gmake[2]: *** [cmTC_b3954] Error 1
gmake[2]: Leaving directory `/data1/devojyoti/PhD/PAIRCARS/mwa-reduce/build/CMakeFiles/CMakeTmp'
gmake[1]: *** [cmTC_b3954/fast] Error 2
gmake[1]: Leaving directory `/data1/devojyoti/PhD/PAIRCARS/mwa-reduce/build/CMakeFiles/CMakeTmp'


