\BOOKMARK [0][-]{chapter.1}{\376\377\000I\000n\000t\000r\000o\000d\000u\000c\000t\000i\000o\000n}{}% 1
\BOOKMARK [1][-]{section.1.1}{\376\377\000P\000-\000A\000I\000R\000C\000A\000R\000S\000\040\000\050\000P\000o\000l\000a\000r\000i\000m\000e\000t\000r\000y\000\040\000u\000s\000i\000n\000g\000\040\000A\000u\000t\000o\000m\000a\000t\000e\000d\000\040\000I\000m\000a\000g\000i\000n\000g\000\040\000R\000o\000u\000t\000i\000n\000e\000\040\000f\000o\000r\000\040\000C\000o\000m\000p\000a\000c\000t\000\040\000A\000r\000r\000a\000y\000s\000\040\000o\000f\000\040\000t\000h\000e\000\040\000R\000a\000d\000i\000o\000\040\000S\000u\000n\000\051}{chapter.1}% 2
\BOOKMARK [1][-]{section.1.2}{\376\377\000S\000y\000s\000t\000e\000m\000\040\000r\000e\000q\000u\000i\000r\000e\000m\000e\000n\000t\000s}{chapter.1}% 3
\BOOKMARK [2][-]{subsection.1.2.1}{\376\377\000M\000i\000n\000i\000m\000u\000m\000\040\000h\000a\000r\000d\000w\000a\000r\000e\000\040\000r\000e\000q\000u\000i\000r\000e\000m\000e\000n\000t\000s}{section.1.2}% 4
\BOOKMARK [2][-]{subsection.1.2.2}{\376\377\000W\000o\000r\000k\000s\000t\000a\000t\000i\000o\000n\000\040\000c\000o\000n\000f\000i\000g\000u\000r\000a\000t\000i\000o\000n}{section.1.2}% 5
\BOOKMARK [2][-]{subsection.1.2.3}{\376\377\000S\000o\000f\000t\000w\000a\000r\000e\000\040\000e\000n\000v\000i\000r\000o\000n\000m\000e\000n\000t}{section.1.2}% 6
\BOOKMARK [0][-]{chapter.2}{\376\377\000I\000n\000s\000t\000a\000l\000l\000a\000t\000i\000o\000n}{}% 7
\BOOKMARK [0][-]{chapter.3}{\376\377\000T\000u\000t\000o\000r\000i\000a\000l}{}% 8
\BOOKMARK [1][-]{section.3.1}{\376\377\000S\000t\000a\000r\000t\000\040\000t\000h\000e\000\040\000P\000-\000A\000I\000R\000C\000A\000R\000S}{chapter.3}% 9
\BOOKMARK [1][-]{section.3.2}{\376\377\000D\000o\000w\000n\000l\000o\000a\000d\000\040\000t\000h\000e\000\040\000d\000a\000t\000a}{chapter.3}% 10
\BOOKMARK [1][-]{section.3.3}{\376\377\000F\000i\000l\000l\000\040\000u\000p\000\040\000t\000h\000e\000\040\000i\000n\000p\000u\000t\000s}{chapter.3}% 11
\BOOKMARK [2][-]{subsection.3.3.1}{\376\377\000M\000a\000n\000u\000a\000l\000\040\000i\000n\000p\000u\000t}{section.3.3}% 12
\BOOKMARK [2][-]{subsection.3.3.2}{\376\377\000L\000o\000a\000d\000\040\000f\000r\000o\000m\000\040\000p\000r\000e\000v\000i\000o\000u\000s\000\040\000i\000n\000p\000u\000t\000\040\000f\000i\000l\000e}{section.3.3}% 13
\BOOKMARK [1][-]{section.3.4}{\376\377\000V\000a\000l\000i\000d\000a\000t\000i\000n\000g\000\040\000i\000n\000p\000u\000t\000s}{chapter.3}% 14
\BOOKMARK [1][-]{section.3.5}{\376\377\000S\000a\000v\000e\000\040\000i\000n\000p\000u\000t\000s}{chapter.3}% 15
\BOOKMARK [1][-]{section.3.6}{\376\377\000R\000u\000n\000\040\000t\000h\000e\000\040\000P\000-\000A\000I\000R\000C\000A\000R\000S}{chapter.3}% 16
\BOOKMARK [1][-]{section.3.7}{\376\377\000N\000o\000t\000i\000f\000i\000c\000a\000t\000i\000o\000n\000\040\000o\000v\000e\000r\000\040\000e\000-\000m\000a\000i\000l}{chapter.3}% 17
\BOOKMARK [1][-]{section.3.8}{\376\377\000L\000o\000c\000a\000t\000e\000\040\000t\000h\000e\000\040\000f\000i\000n\000a\000l\000\040\000i\000m\000a\000g\000e\000s}{chapter.3}% 18
\BOOKMARK [0][-]{chapter.4}{\376\377\000D\000e\000t\000a\000i\000l\000s\000\040\000o\000f\000\040\000I\000n\000p\000u\000t\000s}{}% 19
\BOOKMARK [1][-]{section.4.1}{\376\377\000I\000n\000p\000u\000t\000s}{chapter.4}% 20
\BOOKMARK [0][-]{chapter.5}{\376\377\000p\000a\000i\000r\000c\000a\000r\000s}{}% 21
\BOOKMARK [1][-]{section.5.1}{\376\377\000p\000a\000i\000r\000c\000a\000r\000s}{chapter.5}% 22
\BOOKMARK [2][-]{subsection.5.1.1}{\376\377\000p\000a\000i\000r\000c\000a\000r\000s\000.\000a\000c\000c\000e\000s\000s\000\137\000m\000s}{section.5.1}% 23
\BOOKMARK [2][-]{subsection.5.1.2}{\376\377\000p\000a\000i\000r\000c\000a\000r\000s\000.\000b\000a\000s\000i\000c\000\137\000f\000u\000n\000c}{section.5.1}% 24
\BOOKMARK [2][-]{subsection.5.1.3}{\376\377\000p\000a\000i\000r\000c\000a\000r\000s\000.\000d\000e\000c\000o\000r}{section.5.1}% 25
\BOOKMARK [2][-]{subsection.5.1.4}{\376\377\000p\000a\000i\000r\000c\000a\000r\000s\000.\000d\000y\000n\000a\000m\000i\000c\000\137\000s\000p\000e\000c\000t\000r\000u\000m}{section.5.1}% 26
\BOOKMARK [2][-]{subsection.5.1.5}{\376\377\000p\000a\000i\000r\000c\000a\000r\000s\000.\000f\000l\000a\000g\000g\000e\000r}{section.5.1}% 27
\BOOKMARK [2][-]{subsection.5.1.6}{\376\377\000p\000a\000i\000r\000c\000a\000r\000s\000.\000f\000u\000l\000l\000p\000o\000l\000\137\000s\000e\000l\000f\000c\000a\000l\000\137\000L\000T\000S}{section.5.1}% 28
\BOOKMARK [2][-]{subsection.5.1.7}{\376\377\000p\000a\000i\000r\000c\000a\000r\000s\000.\000i\000n\000t\000e\000n\000s\000i\000t\000y\000\137\000s\000e\000l\000f\000c\000a\000l\000\137\000L\000T\000S}{section.5.1}% 29
\BOOKMARK [0][-]{chapter.6}{\376\377\000p\000a\000i\000r\000c\000a\000r\000s\000\040\000s\000c\000r\000i\000p\000t\000s}{}% 30
\BOOKMARK [1][-]{section.6.1}{\376\377\000p\000a\000i\000r\000c\000a\000r\000s\000\040\000s\000c\000r\000i\000p\000t\000s}{chapter.6}% 31
\BOOKMARK [2][-]{subsection.6.1.1}{\376\377\000c\000o\000n\000t\000r\000o\000l\000\137\000p\000a\000i\000r\000c\000a\000r\000s}{section.6.1}% 32
\BOOKMARK [2][-]{subsection.6.1.2}{\376\377\000r\000u\000n\000\137\000p\000a\000i\000r\000c\000a\000r\000s}{section.6.1}% 33
\BOOKMARK [2][-]{subsection.6.1.3}{\376\377\000r\000u\000n\000\137\000i\000n\000t\000e\000n\000s\000i\000t\000y\000\137\000s\000e\000l\000f\000c\000a\000l}{section.6.1}% 34
\BOOKMARK [2][-]{subsection.6.1.4}{\376\377\000r\000u\000n\000\137\000b\000a\000n\000d\000p\000a\000s\000s\000\137\000s\000e\000l\000f\000c\000a\000l}{section.6.1}% 35
\BOOKMARK [2][-]{subsection.6.1.5}{\376\377\000r\000u\000n\000\137\000p\000o\000l\000\137\000s\000e\000l\000f\000c\000a\000l}{section.6.1}% 36
\BOOKMARK [0][-]{section*.143}{\376\377\000P\000y\000t\000h\000o\000n\000\040\000M\000o\000d\000u\000l\000e\000\040\000I\000n\000d\000e\000x}{}% 37
\BOOKMARK [0][-]{section*.144}{\376\377\000I\000n\000d\000e\000x}{}% 38
