Determining if the pthread_create exist failed with the following output:
Change Dir: /data1/devojyoti/PhD/P-AIRCARS/CALIBRATE/calibrate_tools/CMakeFiles/CMakeTmp

Run Build Command:"/usr/bin/gmake" "cmTC_2f4cb/fast"
/usr/bin/gmake -f CMakeFiles/cmTC_2f4cb.dir/build.make CMakeFiles/cmTC_2f4cb.dir/build
gmake[1]: Entering directory `/data1/devojyoti/PhD/P-AIRCARS/CALIBRATE/calibrate_tools/CMakeFiles/CMakeTmp'
Building C object CMakeFiles/cmTC_2f4cb.dir/CheckSymbolExists.c.o
/usr/bin/cc    -o CMakeFiles/cmTC_2f4cb.dir/CheckSymbolExists.c.o   -c /data1/devojyoti/PhD/P-AIRCARS/CALIBRATE/calibrate_tools/CMakeFiles/CMakeTmp/CheckSymbolExists.c
Linking C executable cmTC_2f4cb
/usr/local/bin/cmake -E cmake_link_script CMakeFiles/cmTC_2f4cb.dir/link.txt --verbose=1
/usr/bin/cc      -rdynamic CMakeFiles/cmTC_2f4cb.dir/CheckSymbolExists.c.o  -o cmTC_2f4cb 
CMakeFiles/cmTC_2f4cb.dir/CheckSymbolExists.c.o: In function `main':
CheckSymbolExists.c:(.text+0x16): undefined reference to `pthread_create'
collect2: error: ld returned 1 exit status
gmake[1]: *** [cmTC_2f4cb] Error 1
gmake[1]: Leaving directory `/data1/devojyoti/PhD/P-AIRCARS/CALIBRATE/calibrate_tools/CMakeFiles/CMakeTmp'
gmake: *** [cmTC_2f4cb/fast] Error 2

File /data1/devojyoti/PhD/P-AIRCARS/CALIBRATE/calibrate_tools/CMakeFiles/CMakeTmp/CheckSymbolExists.c:
/* */
#include <pthread.h>

int main(int argc, char** argv)
{
  (void)argv;
#ifndef pthread_create
  return ((int*)(&pthread_create))[argc];
#else
  (void)argc;
  return 0;
#endif
}

Determining if the function pthread_create exists in the pthreads failed with the following output:
Change Dir: /data1/devojyoti/PhD/P-AIRCARS/CALIBRATE/calibrate_tools/CMakeFiles/CMakeTmp

Run Build Command:"/usr/bin/gmake" "cmTC_90254/fast"
/usr/bin/gmake -f CMakeFiles/cmTC_90254.dir/build.make CMakeFiles/cmTC_90254.dir/build
gmake[1]: Entering directory `/data1/devojyoti/PhD/P-AIRCARS/CALIBRATE/calibrate_tools/CMakeFiles/CMakeTmp'
Building C object CMakeFiles/cmTC_90254.dir/CheckFunctionExists.c.o
/usr/bin/cc   -DCHECK_FUNCTION_EXISTS=pthread_create   -o CMakeFiles/cmTC_90254.dir/CheckFunctionExists.c.o   -c /usr/local/share/cmake-3.12/Modules/CheckFunctionExists.c
Linking C executable cmTC_90254
/usr/local/bin/cmake -E cmake_link_script CMakeFiles/cmTC_90254.dir/link.txt --verbose=1
/usr/bin/cc  -DCHECK_FUNCTION_EXISTS=pthread_create    -rdynamic CMakeFiles/cmTC_90254.dir/CheckFunctionExists.c.o  -o cmTC_90254 -lpthreads 
/usr/bin/ld: cannot find -lpthreads
collect2: error: ld returned 1 exit status
gmake[1]: *** [cmTC_90254] Error 1
gmake[1]: Leaving directory `/data1/devojyoti/PhD/P-AIRCARS/CALIBRATE/calibrate_tools/CMakeFiles/CMakeTmp'
gmake: *** [cmTC_90254/fast] Error 2


