Determining if the pthread_create exist failed with the following output:
Change Dir: /data1/devojyoti/PhD/P-AIRCARS/CALIBRATE/CMakeFiles/CMakeTmp

Run Build Command:"/usr/bin/gmake" "cmTC_4d3aa/fast"
/usr/bin/gmake -f CMakeFiles/cmTC_4d3aa.dir/build.make CMakeFiles/cmTC_4d3aa.dir/build
gmake[1]: Entering directory `/data1/devojyoti/PhD/P-AIRCARS/CALIBRATE/CMakeFiles/CMakeTmp'
Building C object CMakeFiles/cmTC_4d3aa.dir/CheckSymbolExists.c.o
/usr/bin/cc    -o CMakeFiles/cmTC_4d3aa.dir/CheckSymbolExists.c.o   -c /data1/devojyoti/PhD/P-AIRCARS/CALIBRATE/CMakeFiles/CMakeTmp/CheckSymbolExists.c
Linking C executable cmTC_4d3aa
/usr/local/bin/cmake -E cmake_link_script CMakeFiles/cmTC_4d3aa.dir/link.txt --verbose=1
/usr/bin/cc      -rdynamic CMakeFiles/cmTC_4d3aa.dir/CheckSymbolExists.c.o  -o cmTC_4d3aa 
CMakeFiles/cmTC_4d3aa.dir/CheckSymbolExists.c.o: In function `main':
CheckSymbolExists.c:(.text+0x16): undefined reference to `pthread_create'
collect2: error: ld returned 1 exit status
gmake[1]: *** [cmTC_4d3aa] Error 1
gmake[1]: Leaving directory `/data1/devojyoti/PhD/P-AIRCARS/CALIBRATE/CMakeFiles/CMakeTmp'
gmake: *** [cmTC_4d3aa/fast] Error 2

File /data1/devojyoti/PhD/P-AIRCARS/CALIBRATE/CMakeFiles/CMakeTmp/CheckSymbolExists.c:
/* */
#include <pthread.h>

int main(int argc, char** argv)
{
  (void)argv;
#ifndef pthread_create
  return ((int*)(&pthread_create))[argc];
#else
  (void)argc;
  return 0;
#endif
}

Determining if the function pthread_create exists in the pthreads failed with the following output:
Change Dir: /data1/devojyoti/PhD/P-AIRCARS/CALIBRATE/CMakeFiles/CMakeTmp

Run Build Command:"/usr/bin/gmake" "cmTC_2a940/fast"
/usr/bin/gmake -f CMakeFiles/cmTC_2a940.dir/build.make CMakeFiles/cmTC_2a940.dir/build
gmake[1]: Entering directory `/data1/devojyoti/PhD/P-AIRCARS/CALIBRATE/CMakeFiles/CMakeTmp'
Building C object CMakeFiles/cmTC_2a940.dir/CheckFunctionExists.c.o
/usr/bin/cc   -DCHECK_FUNCTION_EXISTS=pthread_create   -o CMakeFiles/cmTC_2a940.dir/CheckFunctionExists.c.o   -c /usr/local/share/cmake-3.12/Modules/CheckFunctionExists.c
Linking C executable cmTC_2a940
/usr/local/bin/cmake -E cmake_link_script CMakeFiles/cmTC_2a940.dir/link.txt --verbose=1
/usr/bin/cc  -DCHECK_FUNCTION_EXISTS=pthread_create    -rdynamic CMakeFiles/cmTC_2a940.dir/CheckFunctionExists.c.o  -o cmTC_2a940 -lpthreads 
/usr/bin/ld: cannot find -lpthreads
collect2: error: ld returned 1 exit status
gmake[1]: *** [cmTC_2a940] Error 1
gmake[1]: Leaving directory `/data1/devojyoti/PhD/P-AIRCARS/CALIBRATE/CMakeFiles/CMakeTmp'
gmake: *** [cmTC_2a940/fast] Error 2


